// Jest Snapshot v1, https://goo.gl/fbAQLP

exports[`Frontity Chakra Ui - ThemeColors ThemeColors 1`] = `
Array [
  <h3
    className="css-12ar208"
  >
    Black And White
  </h3>,
  <div
    className="css-21m9j9"
  >
    <div
      className="css-70qvj9"
    >
      <div
        className="css-1b0uvho"
      />
      <div
        className="css-n6y9a7"
      >
        <div
          className="css-e2i6dd"
        >
          Black
        </div>
        <div
          className="css-1lejymi"
        >
          #000000
        </div>
      </div>
    </div>
    <div
      className="css-70qvj9"
    >
      <div
        className="css-1h1da2t"
      />
      <div
        className="css-n6y9a7"
      >
        <div
          className="css-e2i6dd"
        >
          White
        </div>
        <div
          className="css-1lejymi"
        >
          #FFFFFF
        </div>
      </div>
    </div>
  </div>,
  <h3
    className="css-12ar208"
  >
    gray
  </h3>,
  <div
    className="css-21m9j9"
  >
    <div
      className="css-70qvj9"
    >
      <div
        className="css-1dsk96y"
      />
      <div
        className="css-n6y9a7"
      >
        <div
          className="css-e2i6dd"
        >
          gray 50
        </div>
        <div
          className="css-1lejymi"
        >
          #F7FAFC
        </div>
      </div>
    </div>
    <div
      className="css-70qvj9"
    >
      <div
        className="css-89lxhy"
      />
      <div
        className="css-n6y9a7"
      >
        <div
          className="css-e2i6dd"
        >
          gray 100
        </div>
        <div
          className="css-1lejymi"
        >
          #EDF2F7
        </div>
      </div>
    </div>
    <div
      className="css-70qvj9"
    >
      <div
        className="css-112p5mh"
      />
      <div
        className="css-n6y9a7"
      >
        <div
          className="css-e2i6dd"
        >
          gray 200
        </div>
        <div
          className="css-1lejymi"
        >
          #E2E8F0
        </div>
      </div>
    </div>
    <div
      className="css-70qvj9"
    >
      <div
        className="css-14bahfp"
      />
      <div
        className="css-n6y9a7"
      >
        <div
          className="css-e2i6dd"
        >
          gray 300
        </div>
        <div
          className="css-1lejymi"
        >
          #CBD5E0
        </div>
      </div>
    </div>
    <div
      className="css-70qvj9"
    >
      <div
        className="css-70s9wj"
      />
      <div
        className="css-n6y9a7"
      >
        <div
          className="css-e2i6dd"
        >
          gray 400
        </div>
        <div
          className="css-1lejymi"
        >
          #A0AEC0
        </div>
      </div>
    </div>
    <div
      className="css-70qvj9"
    >
      <div
        className="css-k1ryx1"
      />
      <div
        className="css-n6y9a7"
      >
        <div
          className="css-e2i6dd"
        >
          gray 500
        </div>
        <div
          className="css-1lejymi"
        >
          #718096
        </div>
      </div>
    </div>
    <div
      className="css-70qvj9"
    >
      <div
        className="css-cnxfil"
      />
      <div
        className="css-n6y9a7"
      >
        <div
          className="css-e2i6dd"
        >
          gray 600
        </div>
        <div
          className="css-1lejymi"
        >
          #4A5568
        </div>
      </div>
    </div>
    <div
      className="css-70qvj9"
    >
      <div
        className="css-1o205vd"
      />
      <div
        className="css-n6y9a7"
      >
        <div
          className="css-e2i6dd"
        >
          gray 700
        </div>
        <div
          className="css-1lejymi"
        >
          #2D3748
        </div>
      </div>
    </div>
    <div
      className="css-70qvj9"
    >
      <div
        className="css-133it7l"
      />
      <div
        className="css-n6y9a7"
      >
        <div
          className="css-e2i6dd"
        >
          gray 800
        </div>
        <div
          className="css-1lejymi"
        >
          #1A202C
        </div>
      </div>
    </div>
    <div
      className="css-70qvj9"
    >
      <div
        className="css-bu99s3"
      />
      <div
        className="css-n6y9a7"
      >
        <div
          className="css-e2i6dd"
        >
          gray 900
        </div>
        <div
          className="css-1lejymi"
        >
          #171923
        </div>
      </div>
    </div>
  </div>,
  <h3
    className="css-12ar208"
  >
    red
  </h3>,
  <div
    className="css-21m9j9"
  >
    <div
      className="css-70qvj9"
    >
      <div
        className="css-1zg0wo"
      />
      <div
        className="css-n6y9a7"
      >
        <div
          className="css-e2i6dd"
        >
          red 50
        </div>
        <div
          className="css-1lejymi"
        >
          #FFF5F5
        </div>
      </div>
    </div>
    <div
      className="css-70qvj9"
    >
      <div
        className="css-sz36ij"
      />
      <div
        className="css-n6y9a7"
      >
        <div
          className="css-e2i6dd"
        >
          red 100
        </div>
        <div
          className="css-1lejymi"
        >
          #FED7D7
        </div>
      </div>
    </div>
    <div
      className="css-70qvj9"
    >
      <div
        className="css-vrhtqp"
      />
      <div
        className="css-n6y9a7"
      >
        <div
          className="css-e2i6dd"
        >
          red 200
        </div>
        <div
          className="css-1lejymi"
        >
          #FEB2B2
        </div>
      </div>
    </div>
    <div
      className="css-70qvj9"
    >
      <div
        className="css-1pupypg"
      />
      <div
        className="css-n6y9a7"
      >
        <div
          className="css-e2i6dd"
        >
          red 300
        </div>
        <div
          className="css-1lejymi"
        >
          #FC8181
        </div>
      </div>
    </div>
    <div
      className="css-70qvj9"
    >
      <div
        className="css-k2wvks"
      />
      <div
        className="css-n6y9a7"
      >
        <div
          className="css-e2i6dd"
        >
          red 400
        </div>
        <div
          className="css-1lejymi"
        >
          #F56565
        </div>
      </div>
    </div>
    <div
      className="css-70qvj9"
    >
      <div
        className="css-ldq37b"
      />
      <div
        className="css-n6y9a7"
      >
        <div
          className="css-e2i6dd"
        >
          red 500
        </div>
        <div
          className="css-1lejymi"
        >
          #E53E3E
        </div>
      </div>
    </div>
    <div
      className="css-70qvj9"
    >
      <div
        className="css-bg9e93"
      />
      <div
        className="css-n6y9a7"
      >
        <div
          className="css-e2i6dd"
        >
          red 600
        </div>
        <div
          className="css-1lejymi"
        >
          #C53030
        </div>
      </div>
    </div>
    <div
      className="css-70qvj9"
    >
      <div
        className="css-1z0ok8"
      />
      <div
        className="css-n6y9a7"
      >
        <div
          className="css-e2i6dd"
        >
          red 700
        </div>
        <div
          className="css-1lejymi"
        >
          #9B2C2C
        </div>
      </div>
    </div>
    <div
      className="css-70qvj9"
    >
      <div
        className="css-4d3k7q"
      />
      <div
        className="css-n6y9a7"
      >
        <div
          className="css-e2i6dd"
        >
          red 800
        </div>
        <div
          className="css-1lejymi"
        >
          #822727
        </div>
      </div>
    </div>
    <div
      className="css-70qvj9"
    >
      <div
        className="css-1xw77wl"
      />
      <div
        className="css-n6y9a7"
      >
        <div
          className="css-e2i6dd"
        >
          red 900
        </div>
        <div
          className="css-1lejymi"
        >
          #63171B
        </div>
      </div>
    </div>
  </div>,
  <h3
    className="css-12ar208"
  >
    orange
  </h3>,
  <div
    className="css-21m9j9"
  >
    <div
      className="css-70qvj9"
    >
      <div
        className="css-o22tfr"
      />
      <div
        className="css-n6y9a7"
      >
        <div
          className="css-e2i6dd"
        >
          orange 50
        </div>
        <div
          className="css-1lejymi"
        >
          #FFFAF0
        </div>
      </div>
    </div>
    <div
      className="css-70qvj9"
    >
      <div
        className="css-3gzrt6"
      />
      <div
        className="css-n6y9a7"
      >
        <div
          className="css-e2i6dd"
        >
          orange 100
        </div>
        <div
          className="css-1lejymi"
        >
          #FEEBC8
        </div>
      </div>
    </div>
    <div
      className="css-70qvj9"
    >
      <div
        className="css-144j69w"
      />
      <div
        className="css-n6y9a7"
      >
        <div
          className="css-e2i6dd"
        >
          orange 200
        </div>
        <div
          className="css-1lejymi"
        >
          #FBD38D
        </div>
      </div>
    </div>
    <div
      className="css-70qvj9"
    >
      <div
        className="css-k06qb0"
      />
      <div
        className="css-n6y9a7"
      >
        <div
          className="css-e2i6dd"
        >
          orange 300
        </div>
        <div
          className="css-1lejymi"
        >
          #F6AD55
        </div>
      </div>
    </div>
    <div
      className="css-70qvj9"
    >
      <div
        className="css-1hkzb9d"
      />
      <div
        className="css-n6y9a7"
      >
        <div
          className="css-e2i6dd"
        >
          orange 400
        </div>
        <div
          className="css-1lejymi"
        >
          #ED8936
        </div>
      </div>
    </div>
    <div
      className="css-70qvj9"
    >
      <div
        className="css-jj0p5f"
      />
      <div
        className="css-n6y9a7"
      >
        <div
          className="css-e2i6dd"
        >
          orange 500
        </div>
        <div
          className="css-1lejymi"
        >
          #DD6B20
        </div>
      </div>
    </div>
    <div
      className="css-70qvj9"
    >
      <div
        className="css-1f6rxhb"
      />
      <div
        className="css-n6y9a7"
      >
        <div
          className="css-e2i6dd"
        >
          orange 600
        </div>
        <div
          className="css-1lejymi"
        >
          #C05621
        </div>
      </div>
    </div>
    <div
      className="css-70qvj9"
    >
      <div
        className="css-1y8op2y"
      />
      <div
        className="css-n6y9a7"
      >
        <div
          className="css-e2i6dd"
        >
          orange 700
        </div>
        <div
          className="css-1lejymi"
        >
          #9C4221
        </div>
      </div>
    </div>
    <div
      className="css-70qvj9"
    >
      <div
        className="css-7odpum"
      />
      <div
        className="css-n6y9a7"
      >
        <div
          className="css-e2i6dd"
        >
          orange 800
        </div>
        <div
          className="css-1lejymi"
        >
          #7B341E
        </div>
      </div>
    </div>
    <div
      className="css-70qvj9"
    >
      <div
        className="css-1gz07no"
      />
      <div
        className="css-n6y9a7"
      >
        <div
          className="css-e2i6dd"
        >
          orange 900
        </div>
        <div
          className="css-1lejymi"
        >
          #652B19
        </div>
      </div>
    </div>
  </div>,
  <h3
    className="css-12ar208"
  >
    yellow
  </h3>,
  <div
    className="css-21m9j9"
  >
    <div
      className="css-70qvj9"
    >
      <div
        className="css-aaew98"
      />
      <div
        className="css-n6y9a7"
      >
        <div
          className="css-e2i6dd"
        >
          yellow 50
        </div>
        <div
          className="css-1lejymi"
        >
          #FFFFF0
        </div>
      </div>
    </div>
    <div
      className="css-70qvj9"
    >
      <div
        className="css-6uh16y"
      />
      <div
        className="css-n6y9a7"
      >
        <div
          className="css-e2i6dd"
        >
          yellow 100
        </div>
        <div
          className="css-1lejymi"
        >
          #FEFCBF
        </div>
      </div>
    </div>
    <div
      className="css-70qvj9"
    >
      <div
        className="css-abi94s"
      />
      <div
        className="css-n6y9a7"
      >
        <div
          className="css-e2i6dd"
        >
          yellow 200
        </div>
        <div
          className="css-1lejymi"
        >
          #FAF089
        </div>
      </div>
    </div>
    <div
      className="css-70qvj9"
    >
      <div
        className="css-1x0v03r"
      />
      <div
        className="css-n6y9a7"
      >
        <div
          className="css-e2i6dd"
        >
          yellow 300
        </div>
        <div
          className="css-1lejymi"
        >
          #F6E05E
        </div>
      </div>
    </div>
    <div
      className="css-70qvj9"
    >
      <div
        className="css-d7rpgg"
      />
      <div
        className="css-n6y9a7"
      >
        <div
          className="css-e2i6dd"
        >
          yellow 400
        </div>
        <div
          className="css-1lejymi"
        >
          #ECC94B
        </div>
      </div>
    </div>
    <div
      className="css-70qvj9"
    >
      <div
        className="css-1gybdhz"
      />
      <div
        className="css-n6y9a7"
      >
        <div
          className="css-e2i6dd"
        >
          yellow 500
        </div>
        <div
          className="css-1lejymi"
        >
          #D69E2E
        </div>
      </div>
    </div>
    <div
      className="css-70qvj9"
    >
      <div
        className="css-suppt0"
      />
      <div
        className="css-n6y9a7"
      >
        <div
          className="css-e2i6dd"
        >
          yellow 600
        </div>
        <div
          className="css-1lejymi"
        >
          #B7791F
        </div>
      </div>
    </div>
    <div
      className="css-70qvj9"
    >
      <div
        className="css-65k4y"
      />
      <div
        className="css-n6y9a7"
      >
        <div
          className="css-e2i6dd"
        >
          yellow 700
        </div>
        <div
          className="css-1lejymi"
        >
          #975A16
        </div>
      </div>
    </div>
    <div
      className="css-70qvj9"
    >
      <div
        className="css-1qu09q7"
      />
      <div
        className="css-n6y9a7"
      >
        <div
          className="css-e2i6dd"
        >
          yellow 800
        </div>
        <div
          className="css-1lejymi"
        >
          #744210
        </div>
      </div>
    </div>
    <div
      className="css-70qvj9"
    >
      <div
        className="css-1lpiqq9"
      />
      <div
        className="css-n6y9a7"
      >
        <div
          className="css-e2i6dd"
        >
          yellow 900
        </div>
        <div
          className="css-1lejymi"
        >
          #5F370E
        </div>
      </div>
    </div>
  </div>,
  <h3
    className="css-12ar208"
  >
    green
  </h3>,
  <div
    className="css-21m9j9"
  >
    <div
      className="css-70qvj9"
    >
      <div
        className="css-1gthcog"
      />
      <div
        className="css-n6y9a7"
      >
        <div
          className="css-e2i6dd"
        >
          green 50
        </div>
        <div
          className="css-1lejymi"
        >
          #F0FFF4
        </div>
      </div>
    </div>
    <div
      className="css-70qvj9"
    >
      <div
        className="css-q3he4w"
      />
      <div
        className="css-n6y9a7"
      >
        <div
          className="css-e2i6dd"
        >
          green 100
        </div>
        <div
          className="css-1lejymi"
        >
          #C6F6D5
        </div>
      </div>
    </div>
    <div
      className="css-70qvj9"
    >
      <div
        className="css-1cx89en"
      />
      <div
        className="css-n6y9a7"
      >
        <div
          className="css-e2i6dd"
        >
          green 200
        </div>
        <div
          className="css-1lejymi"
        >
          #9AE6B4
        </div>
      </div>
    </div>
    <div
      className="css-70qvj9"
    >
      <div
        className="css-5ef298"
      />
      <div
        className="css-n6y9a7"
      >
        <div
          className="css-e2i6dd"
        >
          green 300
        </div>
        <div
          className="css-1lejymi"
        >
          #68D391
        </div>
      </div>
    </div>
    <div
      className="css-70qvj9"
    >
      <div
        className="css-18gihie"
      />
      <div
        className="css-n6y9a7"
      >
        <div
          className="css-e2i6dd"
        >
          green 400
        </div>
        <div
          className="css-1lejymi"
        >
          #48BB78
        </div>
      </div>
    </div>
    <div
      className="css-70qvj9"
    >
      <div
        className="css-15fxqyq"
      />
      <div
        className="css-n6y9a7"
      >
        <div
          className="css-e2i6dd"
        >
          green 500
        </div>
        <div
          className="css-1lejymi"
        >
          #38A169
        </div>
      </div>
    </div>
    <div
      className="css-70qvj9"
    >
      <div
        className="css-1xnjz3a"
      />
      <div
        className="css-n6y9a7"
      >
        <div
          className="css-e2i6dd"
        >
          green 600
        </div>
        <div
          className="css-1lejymi"
        >
          #2F855A
        </div>
      </div>
    </div>
    <div
      className="css-70qvj9"
    >
      <div
        className="css-dhhlcf"
      />
      <div
        className="css-n6y9a7"
      >
        <div
          className="css-e2i6dd"
        >
          green 700
        </div>
        <div
          className="css-1lejymi"
        >
          #276749
        </div>
      </div>
    </div>
    <div
      className="css-70qvj9"
    >
      <div
        className="css-vljip9"
      />
      <div
        className="css-n6y9a7"
      >
        <div
          className="css-e2i6dd"
        >
          green 800
        </div>
        <div
          className="css-1lejymi"
        >
          #22543D
        </div>
      </div>
    </div>
    <div
      className="css-70qvj9"
    >
      <div
        className="css-z8n74z"
      />
      <div
        className="css-n6y9a7"
      >
        <div
          className="css-e2i6dd"
        >
          green 900
        </div>
        <div
          className="css-1lejymi"
        >
          #1C4532
        </div>
      </div>
    </div>
  </div>,
  <h3
    className="css-12ar208"
  >
    teal
  </h3>,
  <div
    className="css-21m9j9"
  >
    <div
      className="css-70qvj9"
    >
      <div
        className="css-1j0uubv"
      />
      <div
        className="css-n6y9a7"
      >
        <div
          className="css-e2i6dd"
        >
          teal 50
        </div>
        <div
          className="css-1lejymi"
        >
          #E6FFFA
        </div>
      </div>
    </div>
    <div
      className="css-70qvj9"
    >
      <div
        className="css-1xhrvsk"
      />
      <div
        className="css-n6y9a7"
      >
        <div
          className="css-e2i6dd"
        >
          teal 100
        </div>
        <div
          className="css-1lejymi"
        >
          #B2F5EA
        </div>
      </div>
    </div>
    <div
      className="css-70qvj9"
    >
      <div
        className="css-1velaj3"
      />
      <div
        className="css-n6y9a7"
      >
        <div
          className="css-e2i6dd"
        >
          teal 200
        </div>
        <div
          className="css-1lejymi"
        >
          #81E6D9
        </div>
      </div>
    </div>
    <div
      className="css-70qvj9"
    >
      <div
        className="css-1m1i5ih"
      />
      <div
        className="css-n6y9a7"
      >
        <div
          className="css-e2i6dd"
        >
          teal 300
        </div>
        <div
          className="css-1lejymi"
        >
          #4FD1C5
        </div>
      </div>
    </div>
    <div
      className="css-70qvj9"
    >
      <div
        className="css-1m4ktmk"
      />
      <div
        className="css-n6y9a7"
      >
        <div
          className="css-e2i6dd"
        >
          teal 400
        </div>
        <div
          className="css-1lejymi"
        >
          #38B2AC
        </div>
      </div>
    </div>
    <div
      className="css-70qvj9"
    >
      <div
        className="css-bo8p7g"
      />
      <div
        className="css-n6y9a7"
      >
        <div
          className="css-e2i6dd"
        >
          teal 500
        </div>
        <div
          className="css-1lejymi"
        >
          #319795
        </div>
      </div>
    </div>
    <div
      className="css-70qvj9"
    >
      <div
        className="css-12tsapy"
      />
      <div
        className="css-n6y9a7"
      >
        <div
          className="css-e2i6dd"
        >
          teal 600
        </div>
        <div
          className="css-1lejymi"
        >
          #2C7A7B
        </div>
      </div>
    </div>
    <div
      className="css-70qvj9"
    >
      <div
        className="css-uzhdes"
      />
      <div
        className="css-n6y9a7"
      >
        <div
          className="css-e2i6dd"
        >
          teal 700
        </div>
        <div
          className="css-1lejymi"
        >
          #285E61
        </div>
      </div>
    </div>
    <div
      className="css-70qvj9"
    >
      <div
        className="css-nspijj"
      />
      <div
        className="css-n6y9a7"
      >
        <div
          className="css-e2i6dd"
        >
          teal 800
        </div>
        <div
          className="css-1lejymi"
        >
          #234E52
        </div>
      </div>
    </div>
    <div
      className="css-70qvj9"
    >
      <div
        className="css-13ofa77"
      />
      <div
        className="css-n6y9a7"
      >
        <div
          className="css-e2i6dd"
        >
          teal 900
        </div>
        <div
          className="css-1lejymi"
        >
          #1D4044
        </div>
      </div>
    </div>
  </div>,
  <h3
    className="css-12ar208"
  >
    blue
  </h3>,
  <div
    className="css-21m9j9"
  >
    <div
      className="css-70qvj9"
    >
      <div
        className="css-x0l2kk"
      />
      <div
        className="css-n6y9a7"
      >
        <div
          className="css-e2i6dd"
        >
          blue 50
        </div>
        <div
          className="css-1lejymi"
        >
          #ebf8ff
        </div>
      </div>
    </div>
    <div
      className="css-70qvj9"
    >
      <div
        className="css-115ad"
      />
      <div
        className="css-n6y9a7"
      >
        <div
          className="css-e2i6dd"
        >
          blue 100
        </div>
        <div
          className="css-1lejymi"
        >
          #bee3f8
        </div>
      </div>
    </div>
    <div
      className="css-70qvj9"
    >
      <div
        className="css-ps8ov4"
      />
      <div
        className="css-n6y9a7"
      >
        <div
          className="css-e2i6dd"
        >
          blue 200
        </div>
        <div
          className="css-1lejymi"
        >
          #90cdf4
        </div>
      </div>
    </div>
    <div
      className="css-70qvj9"
    >
      <div
        className="css-x9xl37"
      />
      <div
        className="css-n6y9a7"
      >
        <div
          className="css-e2i6dd"
        >
          blue 300
        </div>
        <div
          className="css-1lejymi"
        >
          #63b3ed
        </div>
      </div>
    </div>
    <div
      className="css-70qvj9"
    >
      <div
        className="css-gp7s5i"
      />
      <div
        className="css-n6y9a7"
      >
        <div
          className="css-e2i6dd"
        >
          blue 400
        </div>
        <div
          className="css-1lejymi"
        >
          #4299e1
        </div>
      </div>
    </div>
    <div
      className="css-70qvj9"
    >
      <div
        className="css-1rif2gh"
      />
      <div
        className="css-n6y9a7"
      >
        <div
          className="css-e2i6dd"
        >
          blue 500
        </div>
        <div
          className="css-1lejymi"
        >
          #3182ce
        </div>
      </div>
    </div>
    <div
      className="css-70qvj9"
    >
      <div
        className="css-cqli1g"
      />
      <div
        className="css-n6y9a7"
      >
        <div
          className="css-e2i6dd"
        >
          blue 600
        </div>
        <div
          className="css-1lejymi"
        >
          #2b6cb0
        </div>
      </div>
    </div>
    <div
      className="css-70qvj9"
    >
      <div
        className="css-1eft92g"
      />
      <div
        className="css-n6y9a7"
      >
        <div
          className="css-e2i6dd"
        >
          blue 700
        </div>
        <div
          className="css-1lejymi"
        >
          #2c5282
        </div>
      </div>
    </div>
    <div
      className="css-70qvj9"
    >
      <div
        className="css-n32j5u"
      />
      <div
        className="css-n6y9a7"
      >
        <div
          className="css-e2i6dd"
        >
          blue 800
        </div>
        <div
          className="css-1lejymi"
        >
          #2a4365
        </div>
      </div>
    </div>
    <div
      className="css-70qvj9"
    >
      <div
        className="css-nty8u7"
      />
      <div
        className="css-n6y9a7"
      >
        <div
          className="css-e2i6dd"
        >
          blue 900
        </div>
        <div
          className="css-1lejymi"
        >
          #1A365D
        </div>
      </div>
    </div>
  </div>,
  <h3
    className="css-12ar208"
  >
    cyan
  </h3>,
  <div
    className="css-21m9j9"
  >
    <div
      className="css-70qvj9"
    >
      <div
        className="css-orajph"
      />
      <div
        className="css-n6y9a7"
      >
        <div
          className="css-e2i6dd"
        >
          cyan 50
        </div>
        <div
          className="css-1lejymi"
        >
          #EDFDFD
        </div>
      </div>
    </div>
    <div
      className="css-70qvj9"
    >
      <div
        className="css-bo3x4b"
      />
      <div
        className="css-n6y9a7"
      >
        <div
          className="css-e2i6dd"
        >
          cyan 100
        </div>
        <div
          className="css-1lejymi"
        >
          #C4F1F9
        </div>
      </div>
    </div>
    <div
      className="css-70qvj9"
    >
      <div
        className="css-u22poh"
      />
      <div
        className="css-n6y9a7"
      >
        <div
          className="css-e2i6dd"
        >
          cyan 200
        </div>
        <div
          className="css-1lejymi"
        >
          #9DECF9
        </div>
      </div>
    </div>
    <div
      className="css-70qvj9"
    >
      <div
        className="css-i1ytxz"
      />
      <div
        className="css-n6y9a7"
      >
        <div
          className="css-e2i6dd"
        >
          cyan 300
        </div>
        <div
          className="css-1lejymi"
        >
          #76E4F7
        </div>
      </div>
    </div>
    <div
      className="css-70qvj9"
    >
      <div
        className="css-4bhqyz"
      />
      <div
        className="css-n6y9a7"
      >
        <div
          className="css-e2i6dd"
        >
          cyan 400
        </div>
        <div
          className="css-1lejymi"
        >
          #0BC5EA
        </div>
      </div>
    </div>
    <div
      className="css-70qvj9"
    >
      <div
        className="css-el0kia"
      />
      <div
        className="css-n6y9a7"
      >
        <div
          className="css-e2i6dd"
        >
          cyan 500
        </div>
        <div
          className="css-1lejymi"
        >
          #00B5D8
        </div>
      </div>
    </div>
    <div
      className="css-70qvj9"
    >
      <div
        className="css-k9drz6"
      />
      <div
        className="css-n6y9a7"
      >
        <div
          className="css-e2i6dd"
        >
          cyan 600
        </div>
        <div
          className="css-1lejymi"
        >
          #00A3C4
        </div>
      </div>
    </div>
    <div
      className="css-70qvj9"
    >
      <div
        className="css-d6aiiv"
      />
      <div
        className="css-n6y9a7"
      >
        <div
          className="css-e2i6dd"
        >
          cyan 700
        </div>
        <div
          className="css-1lejymi"
        >
          #0987A0
        </div>
      </div>
    </div>
    <div
      className="css-70qvj9"
    >
      <div
        className="css-go8eg7"
      />
      <div
        className="css-n6y9a7"
      >
        <div
          className="css-e2i6dd"
        >
          cyan 800
        </div>
        <div
          className="css-1lejymi"
        >
          #086F83
        </div>
      </div>
    </div>
    <div
      className="css-70qvj9"
    >
      <div
        className="css-3uq4a4"
      />
      <div
        className="css-n6y9a7"
      >
        <div
          className="css-e2i6dd"
        >
          cyan 900
        </div>
        <div
          className="css-1lejymi"
        >
          #065666
        </div>
      </div>
    </div>
  </div>,
  <h3
    className="css-12ar208"
  >
    purple
  </h3>,
  <div
    className="css-21m9j9"
  >
    <div
      className="css-70qvj9"
    >
      <div
        className="css-18bk32d"
      />
      <div
        className="css-n6y9a7"
      >
        <div
          className="css-e2i6dd"
        >
          purple 50
        </div>
        <div
          className="css-1lejymi"
        >
          #FAF5FF
        </div>
      </div>
    </div>
    <div
      className="css-70qvj9"
    >
      <div
        className="css-987ql6"
      />
      <div
        className="css-n6y9a7"
      >
        <div
          className="css-e2i6dd"
        >
          purple 100
        </div>
        <div
          className="css-1lejymi"
        >
          #E9D8FD
        </div>
      </div>
    </div>
    <div
      className="css-70qvj9"
    >
      <div
        className="css-7tg4fp"
      />
      <div
        className="css-n6y9a7"
      >
        <div
          className="css-e2i6dd"
        >
          purple 200
        </div>
        <div
          className="css-1lejymi"
        >
          #D6BCFA
        </div>
      </div>
    </div>
    <div
      className="css-70qvj9"
    >
      <div
        className="css-4w9goh"
      />
      <div
        className="css-n6y9a7"
      >
        <div
          className="css-e2i6dd"
        >
          purple 300
        </div>
        <div
          className="css-1lejymi"
        >
          #B794F4
        </div>
      </div>
    </div>
    <div
      className="css-70qvj9"
    >
      <div
        className="css-1n7opjy"
      />
      <div
        className="css-n6y9a7"
      >
        <div
          className="css-e2i6dd"
        >
          purple 400
        </div>
        <div
          className="css-1lejymi"
        >
          #9F7AEA
        </div>
      </div>
    </div>
    <div
      className="css-70qvj9"
    >
      <div
        className="css-f9ec1e"
      />
      <div
        className="css-n6y9a7"
      >
        <div
          className="css-e2i6dd"
        >
          purple 500
        </div>
        <div
          className="css-1lejymi"
        >
          #805AD5
        </div>
      </div>
    </div>
    <div
      className="css-70qvj9"
    >
      <div
        className="css-u7qmjo"
      />
      <div
        className="css-n6y9a7"
      >
        <div
          className="css-e2i6dd"
        >
          purple 600
        </div>
        <div
          className="css-1lejymi"
        >
          #6B46C1
        </div>
      </div>
    </div>
    <div
      className="css-70qvj9"
    >
      <div
        className="css-1whxpvf"
      />
      <div
        className="css-n6y9a7"
      >
        <div
          className="css-e2i6dd"
        >
          purple 700
        </div>
        <div
          className="css-1lejymi"
        >
          #553C9A
        </div>
      </div>
    </div>
    <div
      className="css-70qvj9"
    >
      <div
        className="css-15si317"
      />
      <div
        className="css-n6y9a7"
      >
        <div
          className="css-e2i6dd"
        >
          purple 800
        </div>
        <div
          className="css-1lejymi"
        >
          #44337A
        </div>
      </div>
    </div>
    <div
      className="css-70qvj9"
    >
      <div
        className="css-1gp1dcg"
      />
      <div
        className="css-n6y9a7"
      >
        <div
          className="css-e2i6dd"
        >
          purple 900
        </div>
        <div
          className="css-1lejymi"
        >
          #322659
        </div>
      </div>
    </div>
  </div>,
  <h3
    className="css-12ar208"
  >
    pink
  </h3>,
  <div
    className="css-21m9j9"
  >
    <div
      className="css-70qvj9"
    >
      <div
        className="css-1yg9c9q"
      />
      <div
        className="css-n6y9a7"
      >
        <div
          className="css-e2i6dd"
        >
          pink 50
        </div>
        <div
          className="css-1lejymi"
        >
          #FFF5F7
        </div>
      </div>
    </div>
    <div
      className="css-70qvj9"
    >
      <div
        className="css-1txv5qt"
      />
      <div
        className="css-n6y9a7"
      >
        <div
          className="css-e2i6dd"
        >
          pink 100
        </div>
        <div
          className="css-1lejymi"
        >
          #FED7E2
        </div>
      </div>
    </div>
    <div
      className="css-70qvj9"
    >
      <div
        className="css-rlwkz9"
      />
      <div
        className="css-n6y9a7"
      >
        <div
          className="css-e2i6dd"
        >
          pink 200
        </div>
        <div
          className="css-1lejymi"
        >
          #FBB6CE
        </div>
      </div>
    </div>
    <div
      className="css-70qvj9"
    >
      <div
        className="css-1bzbymn"
      />
      <div
        className="css-n6y9a7"
      >
        <div
          className="css-e2i6dd"
        >
          pink 300
        </div>
        <div
          className="css-1lejymi"
        >
          #F687B3
        </div>
      </div>
    </div>
    <div
      className="css-70qvj9"
    >
      <div
        className="css-ih0gtr"
      />
      <div
        className="css-n6y9a7"
      >
        <div
          className="css-e2i6dd"
        >
          pink 400
        </div>
        <div
          className="css-1lejymi"
        >
          #ED64A6
        </div>
      </div>
    </div>
    <div
      className="css-70qvj9"
    >
      <div
        className="css-h4sz0o"
      />
      <div
        className="css-n6y9a7"
      >
        <div
          className="css-e2i6dd"
        >
          pink 500
        </div>
        <div
          className="css-1lejymi"
        >
          #D53F8C
        </div>
      </div>
    </div>
    <div
      className="css-70qvj9"
    >
      <div
        className="css-vbfoue"
      />
      <div
        className="css-n6y9a7"
      >
        <div
          className="css-e2i6dd"
        >
          pink 600
        </div>
        <div
          className="css-1lejymi"
        >
          #B83280
        </div>
      </div>
    </div>
    <div
      className="css-70qvj9"
    >
      <div
        className="css-bpkyzo"
      />
      <div
        className="css-n6y9a7"
      >
        <div
          className="css-e2i6dd"
        >
          pink 700
        </div>
        <div
          className="css-1lejymi"
        >
          #97266D
        </div>
      </div>
    </div>
    <div
      className="css-70qvj9"
    >
      <div
        className="css-5jnbk9"
      />
      <div
        className="css-n6y9a7"
      >
        <div
          className="css-e2i6dd"
        >
          pink 800
        </div>
        <div
          className="css-1lejymi"
        >
          #702459
        </div>
      </div>
    </div>
    <div
      className="css-70qvj9"
    >
      <div
        className="css-ciz41i"
      />
      <div
        className="css-n6y9a7"
      >
        <div
          className="css-e2i6dd"
        >
          pink 900
        </div>
        <div
          className="css-1lejymi"
        >
          #521B41
        </div>
      </div>
    </div>
  </div>,
  <h3
    className="css-12ar208"
  >
    Social Color
  </h3>,
  <h3
    className="css-12ar208"
  >
    facebook
  </h3>,
  <div
    className="css-21m9j9"
  >
    <div
      className="css-70qvj9"
    >
      <div
        className="css-1vji0br"
      />
      <div
        className="css-n6y9a7"
      >
        <div
          className="css-e2i6dd"
        >
          facebook 50
        </div>
        <div
          className="css-1lejymi"
        >
          #E8F4F9
        </div>
      </div>
    </div>
    <div
      className="css-70qvj9"
    >
      <div
        className="css-1akukx2"
      />
      <div
        className="css-n6y9a7"
      >
        <div
          className="css-e2i6dd"
        >
          facebook 100
        </div>
        <div
          className="css-1lejymi"
        >
          #D9DEE9
        </div>
      </div>
    </div>
    <div
      className="css-70qvj9"
    >
      <div
        className="css-uy62bt"
      />
      <div
        className="css-n6y9a7"
      >
        <div
          className="css-e2i6dd"
        >
          facebook 200
        </div>
        <div
          className="css-1lejymi"
        >
          #B7C2DA
        </div>
      </div>
    </div>
    <div
      className="css-70qvj9"
    >
      <div
        className="css-5w4vfj"
      />
      <div
        className="css-n6y9a7"
      >
        <div
          className="css-e2i6dd"
        >
          facebook 300
        </div>
        <div
          className="css-1lejymi"
        >
          #6482C0
        </div>
      </div>
    </div>
    <div
      className="css-70qvj9"
    >
      <div
        className="css-191rsnc"
      />
      <div
        className="css-n6y9a7"
      >
        <div
          className="css-e2i6dd"
        >
          facebook 400
        </div>
        <div
          className="css-1lejymi"
        >
          #4267B2
        </div>
      </div>
    </div>
    <div
      className="css-70qvj9"
    >
      <div
        className="css-hmpjz3"
      />
      <div
        className="css-n6y9a7"
      >
        <div
          className="css-e2i6dd"
        >
          facebook 500
        </div>
        <div
          className="css-1lejymi"
        >
          #385898
        </div>
      </div>
    </div>
    <div
      className="css-70qvj9"
    >
      <div
        className="css-129jh35"
      />
      <div
        className="css-n6y9a7"
      >
        <div
          className="css-e2i6dd"
        >
          facebook 600
        </div>
        <div
          className="css-1lejymi"
        >
          #314E89
        </div>
      </div>
    </div>
    <div
      className="css-70qvj9"
    >
      <div
        className="css-rjn56z"
      />
      <div
        className="css-n6y9a7"
      >
        <div
          className="css-e2i6dd"
        >
          facebook 700
        </div>
        <div
          className="css-1lejymi"
        >
          #29487D
        </div>
      </div>
    </div>
    <div
      className="css-70qvj9"
    >
      <div
        className="css-17uw8mx"
      />
      <div
        className="css-n6y9a7"
      >
        <div
          className="css-e2i6dd"
        >
          facebook 800
        </div>
        <div
          className="css-1lejymi"
        >
          #223B67
        </div>
      </div>
    </div>
    <div
      className="css-70qvj9"
    >
      <div
        className="css-1ytgc3z"
      />
      <div
        className="css-n6y9a7"
      >
        <div
          className="css-e2i6dd"
        >
          facebook 900
        </div>
        <div
          className="css-1lejymi"
        >
          #1E355B
        </div>
      </div>
    </div>
  </div>,
  <h3
    className="css-12ar208"
  >
    linkedin
  </h3>,
  <div
    className="css-21m9j9"
  >
    <div
      className="css-70qvj9"
    >
      <div
        className="css-1vji0br"
      />
      <div
        className="css-n6y9a7"
      >
        <div
          className="css-e2i6dd"
        >
          linkedin 50
        </div>
        <div
          className="css-1lejymi"
        >
          #E8F4F9
        </div>
      </div>
    </div>
    <div
      className="css-70qvj9"
    >
      <div
        className="css-c17hox"
      />
      <div
        className="css-n6y9a7"
      >
        <div
          className="css-e2i6dd"
        >
          linkedin 100
        </div>
        <div
          className="css-1lejymi"
        >
          #CFEDFB
        </div>
      </div>
    </div>
    <div
      className="css-70qvj9"
    >
      <div
        className="css-1r1ypro"
      />
      <div
        className="css-n6y9a7"
      >
        <div
          className="css-e2i6dd"
        >
          linkedin 200
        </div>
        <div
          className="css-1lejymi"
        >
          #9BDAF3
        </div>
      </div>
    </div>
    <div
      className="css-70qvj9"
    >
      <div
        className="css-fauxpj"
      />
      <div
        className="css-n6y9a7"
      >
        <div
          className="css-e2i6dd"
        >
          linkedin 300
        </div>
        <div
          className="css-1lejymi"
        >
          #68C7EC
        </div>
      </div>
    </div>
    <div
      className="css-70qvj9"
    >
      <div
        className="css-1xuvjz"
      />
      <div
        className="css-n6y9a7"
      >
        <div
          className="css-e2i6dd"
        >
          linkedin 400
        </div>
        <div
          className="css-1lejymi"
        >
          #34B3E4
        </div>
      </div>
    </div>
    <div
      className="css-70qvj9"
    >
      <div
        className="css-1oj0e07"
      />
      <div
        className="css-n6y9a7"
      >
        <div
          className="css-e2i6dd"
        >
          linkedin 500
        </div>
        <div
          className="css-1lejymi"
        >
          #00A0DC
        </div>
      </div>
    </div>
    <div
      className="css-70qvj9"
    >
      <div
        className="css-188bdf8"
      />
      <div
        className="css-n6y9a7"
      >
        <div
          className="css-e2i6dd"
        >
          linkedin 600
        </div>
        <div
          className="css-1lejymi"
        >
          #008CC9
        </div>
      </div>
    </div>
    <div
      className="css-70qvj9"
    >
      <div
        className="css-1ks0sbw"
      />
      <div
        className="css-n6y9a7"
      >
        <div
          className="css-e2i6dd"
        >
          linkedin 700
        </div>
        <div
          className="css-1lejymi"
        >
          #0077B5
        </div>
      </div>
    </div>
    <div
      className="css-70qvj9"
    >
      <div
        className="css-10dsge"
      />
      <div
        className="css-n6y9a7"
      >
        <div
          className="css-e2i6dd"
        >
          linkedin 800
        </div>
        <div
          className="css-1lejymi"
        >
          #005E93
        </div>
      </div>
    </div>
    <div
      className="css-70qvj9"
    >
      <div
        className="css-1fvvdft"
      />
      <div
        className="css-n6y9a7"
      >
        <div
          className="css-e2i6dd"
        >
          linkedin 900
        </div>
        <div
          className="css-1lejymi"
        >
          #004471
        </div>
      </div>
    </div>
  </div>,
  <h3
    className="css-12ar208"
  >
    messenger
  </h3>,
  <div
    className="css-21m9j9"
  >
    <div
      className="css-70qvj9"
    >
      <div
        className="css-1r424ds"
      />
      <div
        className="css-n6y9a7"
      >
        <div
          className="css-e2i6dd"
        >
          messenger 50
        </div>
        <div
          className="css-1lejymi"
        >
          #D0E6FF
        </div>
      </div>
    </div>
    <div
      className="css-70qvj9"
    >
      <div
        className="css-19512hv"
      />
      <div
        className="css-n6y9a7"
      >
        <div
          className="css-e2i6dd"
        >
          messenger 100
        </div>
        <div
          className="css-1lejymi"
        >
          #B9DAFF
        </div>
      </div>
    </div>
    <div
      className="css-70qvj9"
    >
      <div
        className="css-njo7o9"
      />
      <div
        className="css-n6y9a7"
      >
        <div
          className="css-e2i6dd"
        >
          messenger 200
        </div>
        <div
          className="css-1lejymi"
        >
          #A2CDFF
        </div>
      </div>
    </div>
    <div
      className="css-70qvj9"
    >
      <div
        className="css-fmsdcw"
      />
      <div
        className="css-n6y9a7"
      >
        <div
          className="css-e2i6dd"
        >
          messenger 300
        </div>
        <div
          className="css-1lejymi"
        >
          #7AB8FF
        </div>
      </div>
    </div>
    <div
      className="css-70qvj9"
    >
      <div
        className="css-1t4afrr"
      />
      <div
        className="css-n6y9a7"
      >
        <div
          className="css-e2i6dd"
        >
          messenger 400
        </div>
        <div
          className="css-1lejymi"
        >
          #2E90FF
        </div>
      </div>
    </div>
    <div
      className="css-70qvj9"
    >
      <div
        className="css-1q1zjje"
      />
      <div
        className="css-n6y9a7"
      >
        <div
          className="css-e2i6dd"
        >
          messenger 500
        </div>
        <div
          className="css-1lejymi"
        >
          #0078FF
        </div>
      </div>
    </div>
    <div
      className="css-70qvj9"
    >
      <div
        className="css-14md6rl"
      />
      <div
        className="css-n6y9a7"
      >
        <div
          className="css-e2i6dd"
        >
          messenger 600
        </div>
        <div
          className="css-1lejymi"
        >
          #0063D1
        </div>
      </div>
    </div>
    <div
      className="css-70qvj9"
    >
      <div
        className="css-cuxvs"
      />
      <div
        className="css-n6y9a7"
      >
        <div
          className="css-e2i6dd"
        >
          messenger 700
        </div>
        <div
          className="css-1lejymi"
        >
          #0052AC
        </div>
      </div>
    </div>
    <div
      className="css-70qvj9"
    >
      <div
        className="css-1b393q2"
      />
      <div
        className="css-n6y9a7"
      >
        <div
          className="css-e2i6dd"
        >
          messenger 800
        </div>
        <div
          className="css-1lejymi"
        >
          #003C7E
        </div>
      </div>
    </div>
    <div
      className="css-70qvj9"
    >
      <div
        className="css-11palvf"
      />
      <div
        className="css-n6y9a7"
      >
        <div
          className="css-e2i6dd"
        >
          messenger 900
        </div>
        <div
          className="css-1lejymi"
        >
          #002C5C
        </div>
      </div>
    </div>
  </div>,
  <h3
    className="css-12ar208"
  >
    telegram
  </h3>,
  <div
    className="css-21m9j9"
  >
    <div
      className="css-70qvj9"
    >
      <div
        className="css-ywg5ej"
      />
      <div
        className="css-n6y9a7"
      >
        <div
          className="css-e2i6dd"
        >
          telegram 50
        </div>
        <div
          className="css-1lejymi"
        >
          #E3F2F9
        </div>
      </div>
    </div>
    <div
      className="css-70qvj9"
    >
      <div
        className="css-1s8ldpf"
      />
      <div
        className="css-n6y9a7"
      >
        <div
          className="css-e2i6dd"
        >
          telegram 100
        </div>
        <div
          className="css-1lejymi"
        >
          #C5E4F3
        </div>
      </div>
    </div>
    <div
      className="css-70qvj9"
    >
      <div
        className="css-idn628"
      />
      <div
        className="css-n6y9a7"
      >
        <div
          className="css-e2i6dd"
        >
          telegram 200
        </div>
        <div
          className="css-1lejymi"
        >
          #A2D4EC
        </div>
      </div>
    </div>
    <div
      className="css-70qvj9"
    >
      <div
        className="css-wiq2wk"
      />
      <div
        className="css-n6y9a7"
      >
        <div
          className="css-e2i6dd"
        >
          telegram 300
        </div>
        <div
          className="css-1lejymi"
        >
          #7AC1E4
        </div>
      </div>
    </div>
    <div
      className="css-70qvj9"
    >
      <div
        className="css-18c8klq"
      />
      <div
        className="css-n6y9a7"
      >
        <div
          className="css-e2i6dd"
        >
          telegram 400
        </div>
        <div
          className="css-1lejymi"
        >
          #47A9DA
        </div>
      </div>
    </div>
    <div
      className="css-70qvj9"
    >
      <div
        className="css-1jrkj6z"
      />
      <div
        className="css-n6y9a7"
      >
        <div
          className="css-e2i6dd"
        >
          telegram 500
        </div>
        <div
          className="css-1lejymi"
        >
          #0088CC
        </div>
      </div>
    </div>
    <div
      className="css-70qvj9"
    >
      <div
        className="css-enlw38"
      />
      <div
        className="css-n6y9a7"
      >
        <div
          className="css-e2i6dd"
        >
          telegram 600
        </div>
        <div
          className="css-1lejymi"
        >
          #007AB8
        </div>
      </div>
    </div>
    <div
      className="css-70qvj9"
    >
      <div
        className="css-1oc7lnu"
      />
      <div
        className="css-n6y9a7"
      >
        <div
          className="css-e2i6dd"
        >
          telegram 700
        </div>
        <div
          className="css-1lejymi"
        >
          #006BA1
        </div>
      </div>
    </div>
    <div
      className="css-70qvj9"
    >
      <div
        className="css-a8oc4k"
      />
      <div
        className="css-n6y9a7"
      >
        <div
          className="css-e2i6dd"
        >
          telegram 800
        </div>
        <div
          className="css-1lejymi"
        >
          #005885
        </div>
      </div>
    </div>
    <div
      className="css-70qvj9"
    >
      <div
        className="css-kdexwg"
      />
      <div
        className="css-n6y9a7"
      >
        <div
          className="css-e2i6dd"
        >
          telegram 900
        </div>
        <div
          className="css-1lejymi"
        >
          #003F5E
        </div>
      </div>
    </div>
  </div>,
  <h3
    className="css-12ar208"
  >
    twitter
  </h3>,
  <div
    className="css-21m9j9"
  >
    <div
      className="css-70qvj9"
    >
      <div
        className="css-1hcvpp1"
      />
      <div
        className="css-n6y9a7"
      >
        <div
          className="css-e2i6dd"
        >
          twitter 50
        </div>
        <div
          className="css-1lejymi"
        >
          #E5F4FD
        </div>
      </div>
    </div>
    <div
      className="css-70qvj9"
    >
      <div
        className="css-1rv6pg9"
      />
      <div
        className="css-n6y9a7"
      >
        <div
          className="css-e2i6dd"
        >
          twitter 100
        </div>
        <div
          className="css-1lejymi"
        >
          #C8E9FB
        </div>
      </div>
    </div>
    <div
      className="css-70qvj9"
    >
      <div
        className="css-f4bh8h"
      />
      <div
        className="css-n6y9a7"
      >
        <div
          className="css-e2i6dd"
        >
          twitter 200
        </div>
        <div
          className="css-1lejymi"
        >
          #A8DCFA
        </div>
      </div>
    </div>
    <div
      className="css-70qvj9"
    >
      <div
        className="css-1khuufd"
      />
      <div
        className="css-n6y9a7"
      >
        <div
          className="css-e2i6dd"
        >
          twitter 300
        </div>
        <div
          className="css-1lejymi"
        >
          #83CDF7
        </div>
      </div>
    </div>
    <div
      className="css-70qvj9"
    >
      <div
        className="css-1qc2b9g"
      />
      <div
        className="css-n6y9a7"
      >
        <div
          className="css-e2i6dd"
        >
          twitter 400
        </div>
        <div
          className="css-1lejymi"
        >
          #57BBF5
        </div>
      </div>
    </div>
    <div
      className="css-70qvj9"
    >
      <div
        className="css-1na4579"
      />
      <div
        className="css-n6y9a7"
      >
        <div
          className="css-e2i6dd"
        >
          twitter 500
        </div>
        <div
          className="css-1lejymi"
        >
          #1DA1F2
        </div>
      </div>
    </div>
    <div
      className="css-70qvj9"
    >
      <div
        className="css-h8o51u"
      />
      <div
        className="css-n6y9a7"
      >
        <div
          className="css-e2i6dd"
        >
          twitter 600
        </div>
        <div
          className="css-1lejymi"
        >
          #1A94DA
        </div>
      </div>
    </div>
    <div
      className="css-70qvj9"
    >
      <div
        className="css-cr03se"
      />
      <div
        className="css-n6y9a7"
      >
        <div
          className="css-e2i6dd"
        >
          twitter 700
        </div>
        <div
          className="css-1lejymi"
        >
          #1681BF
        </div>
      </div>
    </div>
    <div
      className="css-70qvj9"
    >
      <div
        className="css-br9of1"
      />
      <div
        className="css-n6y9a7"
      >
        <div
          className="css-e2i6dd"
        >
          twitter 800
        </div>
        <div
          className="css-1lejymi"
        >
          #136B9E
        </div>
      </div>
    </div>
    <div
      className="css-70qvj9"
    >
      <div
        className="css-xp84z1"
      />
      <div
        className="css-n6y9a7"
      >
        <div
          className="css-e2i6dd"
        >
          twitter 900
        </div>
        <div
          className="css-1lejymi"
        >
          #0D4D71
        </div>
      </div>
    </div>
  </div>,
  <h3
    className="css-12ar208"
  >
    whatsapp
  </h3>,
  <div
    className="css-21m9j9"
  >
    <div
      className="css-70qvj9"
    >
      <div
        className="css-1xv0tdg"
      />
      <div
        className="css-n6y9a7"
      >
        <div
          className="css-e2i6dd"
        >
          whatsapp 50
        </div>
        <div
          className="css-1lejymi"
        >
          #E2F7F4
        </div>
      </div>
    </div>
    <div
      className="css-70qvj9"
    >
      <div
        className="css-575nhw"
      />
      <div
        className="css-n6y9a7"
      >
        <div
          className="css-e2i6dd"
        >
          whatsapp 100
        </div>
        <div
          className="css-1lejymi"
        >
          #C3F0E9
        </div>
      </div>
    </div>
    <div
      className="css-70qvj9"
    >
      <div
        className="css-lgiwvk"
      />
      <div
        className="css-n6y9a7"
      >
        <div
          className="css-e2i6dd"
        >
          whatsapp 200
        </div>
        <div
          className="css-1lejymi"
        >
          #A0E7DC
        </div>
      </div>
    </div>
    <div
      className="css-70qvj9"
    >
      <div
        className="css-1p5ccxd"
      />
      <div
        className="css-n6y9a7"
      >
        <div
          className="css-e2i6dd"
        >
          whatsapp 300
        </div>
        <div
          className="css-1lejymi"
        >
          #76DCCD
        </div>
      </div>
    </div>
    <div
      className="css-70qvj9"
    >
      <div
        className="css-qifnf7"
      />
      <div
        className="css-n6y9a7"
      >
        <div
          className="css-e2i6dd"
        >
          whatsapp 400
        </div>
        <div
          className="css-1lejymi"
        >
          #43CFBA
        </div>
      </div>
    </div>
    <div
      className="css-70qvj9"
    >
      <div
        className="css-1fl7b92"
      />
      <div
        className="css-n6y9a7"
      >
        <div
          className="css-e2i6dd"
        >
          whatsapp 500
        </div>
        <div
          className="css-1lejymi"
        >
          #00BFA5
        </div>
      </div>
    </div>
    <div
      className="css-70qvj9"
    >
      <div
        className="css-xd8hkg"
      />
      <div
        className="css-n6y9a7"
      >
        <div
          className="css-e2i6dd"
        >
          whatsapp 600
        </div>
        <div
          className="css-1lejymi"
        >
          #00AC92
        </div>
      </div>
    </div>
    <div
      className="css-70qvj9"
    >
      <div
        className="css-3rdbys"
      />
      <div
        className="css-n6y9a7"
      >
        <div
          className="css-e2i6dd"
        >
          whatsapp 700
        </div>
        <div
          className="css-1lejymi"
        >
          #009780
        </div>
      </div>
    </div>
    <div
      className="css-70qvj9"
    >
      <div
        className="css-d91vkk"
      />
      <div
        className="css-n6y9a7"
      >
        <div
          className="css-e2i6dd"
        >
          whatsapp 800
        </div>
        <div
          className="css-1lejymi"
        >
          #007D6A
        </div>
      </div>
    </div>
    <div
      className="css-70qvj9"
    >
      <div
        className="css-ea44r4"
      />
      <div
        className="css-n6y9a7"
      >
        <div
          className="css-e2i6dd"
        >
          whatsapp 900
        </div>
        <div
          className="css-1lejymi"
        >
          #005A4C
        </div>
      </div>
    </div>
  </div>,
]
`;
